2026-08-25 08:34:22.952 [info] [main] Log level: Info
2026-08-25 08:34:22.952 [info] [main] Validating found git in: "git"
2026-08-25 08:34:22.952 [info] [main] Using git "2.55.0" from "git"
2026-08-25 08:34:22.952 [info] [Model][doInitialScan] Initial repository scan started
2026-08-25 08:34:22.952 [info] > git rev-parse --show-toplevel [7ms]
2026-08-25 08:34:22.952 [info] fatal: not a git repository (or any of the parent directories): .git
2026-08-25 08:34:22.965 [info] > git rev-parse --show-toplevel [2ms]
2026-08-25 08:34:22.965 [info] fatal: not a git repository (or any of the parent directories): .git
2026-08-25 08:34:22.977 [info] > git rev-parse --show-toplevel [2ms]
2026-08-25 08:34:22.977 [info] fatal: not a git repository (or any of the parent directories): .git
2026-08-25 08:34:22.990 [info] > git rev-parse --show-toplevel [5ms]
2026-08-25 08:34:22.990 [info] fatal: not a git repository (or any of the parent directories): .git
2026-08-25 08:34:23.003 [info] > git rev-parse --show-toplevel [5ms]
2026-08-25 08:34:23.003 [info] fatal: not a git repository (or any of the parent directories): .git
2026-08-25 08:34:23.011 [info] > git rev-parse --show-toplevel [2ms]
2026-08-25 08:34:23.011 [info] fatal: not a git repository (or any of the parent directories): .git
2026-08-25 08:34:23.022 [info] > git rev-parse --show-toplevel [2ms]
2026-08-25 08:34:23.023 [info] fatal: not a git repository (or any of the parent directories): .git
2026-08-25 08:34:23.029 [info] > git rev-parse --show-toplevel [0ms]
2026-08-25 08:34:23.030 [info] fatal: not a git repository (or any of the parent directories): .git
2026-08-25 08:34:23.040 [info] > git rev-parse --show-toplevel [4ms]
2026-08-25 08:34:23.040 [info] fatal: not a git repository (or any of the parent directories): .git
2026-08-25 08:34:23.051 [info] > git rev-parse --show-toplevel [1ms]
2026-08-25 08:34:23.051 [info] fatal: not a git repository (or any of the parent directories): .git
2026-08-25 08:34:23.060 [info] > git rev-parse --show-toplevel [2ms]
2026-08-25 08:34:23.060 [info] fatal: not a git repository (or any of the parent directories): .git
2026-08-25 08:34:23.068 [info] > git rev-parse --show-toplevel [2ms]
2026-08-25 08:34:23.068 [info] fatal: not a git repository (or any of the parent directories): .git
2026-08-25 08:34:23.077 [info] > git rev-parse --show-toplevel [2ms]
2026-08-25 08:34:23.077 [info] fatal: not a git repository (or any of the parent directories): .git
2026-08-25 08:34:23.085 [info] > git rev-parse --show-toplevel [3ms]
2026-08-25 08:34:23.085 [info] fatal: not a git repository (or any of the parent directories): .git
2026-08-25 08:34:23.092 [info] > git rev-parse --show-toplevel [2ms]
2026-08-25 08:34:23.092 [info] fatal: not a git repository (or any of the parent directories): .git
2026-08-25 08:34:23.100 [info] > git rev-parse --show-toplevel [2ms]
2026-08-25 08:34:23.100 [info] fatal: not a git repository (or any of the parent directories): .git
2026-08-25 08:34:23.107 [info] > git rev-parse --show-toplevel [2ms]
2026-08-25 08:34:23.107 [info] fatal: not a git repository (or any of the parent directories): .git
2026-08-25 08:34:23.115 [info] > git rev-parse --show-toplevel [3ms]
2026-08-25 08:34:23.117 [info] fatal: not a git repository (or any of the parent directories): .git
2026-08-25 08:34:23.125 [info] > git rev-parse --show-toplevel [2ms]
2026-08-25 08:34:23.125 [info] fatal: not a git repository (or any of the parent directories): .git
2026-08-25 08:34:23.138 [info] > git rev-parse --show-toplevel [5ms]
2026-08-25 08:34:23.138 [info] fatal: not a git repository (or any of the parent directories): .git
2026-08-25 08:34:23.147 [info] > git rev-parse --show-toplevel [4ms]
2026-08-25 08:34:23.147 [info] fatal: not a git repository (or any of the parent directories): .git
2026-08-25 08:34:23.155 [info] > git rev-parse --show-toplevel [2ms]
2026-08-25 08:34:23.156 [info] fatal: not a git repository (or any of the parent directories): .git
2026-08-25 08:34:23.167 [info] > git rev-parse --show-toplevel [4ms]
2026-08-25 08:34:23.167 [info] fatal: not a git repository (or any of the parent directories): .git
2026-08-25 08:34:23.176 [info] > git rev-parse --show-toplevel [3ms]
2026-08-25 08:34:23.176 [info] fatal: not a git repository (or any of the parent directories): .git
2026-08-25 08:34:23.177 [info] [Model][doInitialScan] Initial repository scan completed - repositories (0), closed repositories (0), parent repositories (0), unsafe repositories (0)
2026-08-25 08:34:23.380 [info] > git rev-parse --show-toplevel [2ms]
2026-08-25 08:34:23.380 [info] fatal: not a git repository (or any of the parent directories): .git
2026-08-25 08:34:23.519 [info] > git rev-parse --show-toplevel [2ms]
2026-08-25 08:34:23.519 [info] fatal: not a git repository (or any of the parent directories): .git
2026-08-25 08:34:33.615 [info] > git rev-parse --show-toplevel [2ms]
2026-08-25 08:34:33.615 [info] fatal: not a git repository (or any of the parent directories): .git
2026-08-25 08:36:04.979 [info] > git rev-parse --show-toplevel [1ms]
2026-08-25 08:36:04.979 [info] fatal: not a git repository (or any of the parent directories): .git
2026-08-25 08:36:08.875 [info] > git rev-parse --show-toplevel [2ms]
2026-08-25 08:36:08.875 [info] fatal: not a git repository (or any of the parent directories): .git
2026-08-25 08:39:53.163 [info] > git rev-parse --show-toplevel [2ms]
2026-08-25 08:39:53.163 [info] fatal: not a git repository (or any of the parent directories): .git
2026-08-25 08:40:08.167 [info] > git rev-parse --show-toplevel [1ms]
2026-08-25 08:40:08.167 [info] fatal: not a git repository (or any of the parent directories): .git
2026-08-25 08:40:18.431 [info] > git rev-parse --show-toplevel [1ms]
2026-08-25 08:40:18.431 [info] fatal: not a git repository (or any of the parent directories): .git
2026-08-25 08:40:20.827 [info] > git rev-parse --show-toplevel [2ms]
2026-08-25 08:40:20.827 [info] fatal: not a git repository (or any of the parent directories): .git
2026-08-25 08:40:26.205 [info] > git rev-parse --show-toplevel [1ms]
2026-08-25 08:40:26.205 [info] fatal: not a git repository (or any of the parent directories): .git
2026-08-25 08:40:30.507 [info] > git rev-parse --show-toplevel [2ms]
2026-08-25 08:40:30.507 [info] fatal: not a git repository (or any of the parent directories): .git
2026-08-25 08:40:30.835 [info] > git rev-parse --show-toplevel [2ms]
2026-08-25 08:40:30.835 [info] fatal: not a git repository (or any of the parent directories): .git
2026-08-25 08:40:39.234 [info] > git rev-parse --show-toplevel [1ms]
2026-08-25 08:40:39.234 [info] fatal: not a git repository (or any of the parent directories): .git
2026-08-25 08:41:13.036 [info] > git rev-parse --show-toplevel [1ms]
2026-08-25 08:41:13.036 [info] fatal: not a git repository (or any of the parent directories): .git
2026-08-25 08:41:16.943 [info] > git rev-parse --show-toplevel [2ms]
2026-08-25 08:41:16.943 [info] fatal: not a git repository (or any of the parent directories): .git
2026-08-25 08:41:18.730 [info] > git rev-parse --show-toplevel [1ms]
2026-08-25 08:41:18.730 [info] fatal: not a git repository (or any of the parent directories): .git
2026-08-25 08:41:25.850 [info] > git rev-parse --show-toplevel [2ms]
2026-08-25 08:41:25.850 [info] fatal: not a git repository (or any of the parent directories): .git
2026-08-25 08:41:27.774 [info] > git rev-parse --show-toplevel [2ms]
2026-08-25 08:41:27.774 [info] fatal: not a git repository (or any of the parent directories): .git
2026-08-25 08:41:32.528 [info] > git rev-parse --show-toplevel [1ms]
2026-08-25 08:41:32.528 [info] fatal: not a git repository (or any of the parent directories): .git
2026-08-25 08:41:34.360 [info] > git rev-parse --show-toplevel [1ms]
2026-08-25 08:41:34.361 [info] fatal: not a git repository (or any of the parent directories): .git
2026-08-25 08:41:55.821 [info] > git rev-parse --show-toplevel [2ms]
2026-08-25 08:41:55.821 [info] fatal: not a git repository (or any of the parent directories): .git
2026-08-25 08:41:56.149 [info] > git rev-parse --show-toplevel [2ms]
2026-08-25 08:41:56.149 [info] fatal: not a git repository (or any of the parent directories): .git
2026-08-25 08:46:52.603 [info] > git rev-parse --show-toplevel [2ms]
2026-08-25 08:46:52.603 [info] fatal: not a git repository (or any of the parent directories): .git
2026-08-25 08:46:55.412 [info] > git rev-parse --show-toplevel [1ms]
2026-08-25 08:46:55.412 [info] fatal: not a git repository (or any of the parent directories): .git
2026-08-25 08:49:11.603 [info] > git rev-parse --show-toplevel [3ms]
2026-08-25 08:49:11.603 [info] fatal: not a git repository (or any of the parent directories): .git
2026-08-25 08:49:12.706 [info] > git rev-parse --show-toplevel [2ms]
2026-08-25 08:49:12.706 [info] fatal: not a git repository (or any of the parent directories): .git
2026-08-25 08:49:22.216 [info] > git rev-parse --show-toplevel [1ms]
2026-08-25 08:49:22.216 [info] fatal: not a git repository (or any of the parent directories): .git
2026-08-25 08:49:22.645 [info] > git rev-parse --show-toplevel [1ms]
2026-08-25 08:49:22.645 [info] fatal: not a git repository (or any of the parent directories): .git
2026-08-25 08:49:28.569 [info] > git rev-parse --show-toplevel [1ms]
2026-08-25 08:49:28.569 [info] fatal: not a git repository (or any of the parent directories): .git
2026-08-25 08:54:12.232 [info] > git rev-parse --show-toplevel [2ms]
2026-08-25 08:54:12.232 [info] fatal: not a git repository (or any of the parent directories): .git
2026-08-25 08:54:18.533 [info] > git rev-parse --show-toplevel [1ms]
2026-08-25 08:54:18.533 [info] fatal: not a git repository (or any of the parent directories): .git
2026-08-25 08:54:48.140 [info] > git rev-parse --show-toplevel [2ms]
2026-08-25 08:54:48.140 [info] fatal: not a git repository (or any of the parent directories): .git
2026-08-25 08:54:54.929 [info] > git rev-parse --show-toplevel [4ms]
2026-08-25 08:54:54.929 [info] fatal: not a git repository (or any of the parent directories): .git
