2026-08-25 08:59:03.389 [info] [main] Log level: Info
2026-08-25 08:59:03.389 [info] [main] Validating found git in: "git"
2026-08-25 08:59:03.389 [info] [main] Using git "2.55.0" from "git"
2026-08-25 08:59:03.389 [info] [Model][doInitialScan] Initial repository scan started
2026-08-25 08:59:03.389 [info] > git rev-parse --show-toplevel [16ms]
2026-08-25 08:59:03.389 [info] fatal: not a git repository (or any of the parent directories): .git
2026-08-25 08:59:03.394 [info] > git rev-parse --show-toplevel [6ms]
2026-08-25 08:59:03.394 [info] fatal: not a git repository (or any of the parent directories): .git
2026-08-25 08:59:03.404 [info] > git rev-parse --show-toplevel [2ms]
2026-08-25 08:59:03.404 [info] fatal: not a git repository (or any of the parent directories): .git
2026-08-25 08:59:03.440 [info] > git rev-parse --show-toplevel [31ms]
2026-08-25 08:59:03.440 [info] fatal: not a git repository (or any of the parent directories): .git
2026-08-25 08:59:03.446 [info] > git rev-parse --show-toplevel [1ms]
2026-08-25 08:59:03.446 [info] fatal: not a git repository (or any of the parent directories): .git
2026-08-25 08:59:03.453 [info] > git rev-parse --show-toplevel [2ms]
2026-08-25 08:59:03.453 [info] fatal: not a git repository (or any of the parent directories): .git
2026-08-25 08:59:03.470 [info] > git rev-parse --show-toplevel [7ms]
2026-08-25 08:59:03.470 [info] fatal: not a git repository (or any of the parent directories): .git
2026-08-25 08:59:03.477 [info] > git rev-parse --show-toplevel [2ms]
2026-08-25 08:59:03.477 [info] fatal: not a git repository (or any of the parent directories): .git
2026-08-25 08:59:03.483 [info] > git rev-parse --show-toplevel [1ms]
2026-08-25 08:59:03.483 [info] fatal: not a git repository (or any of the parent directories): .git
2026-08-25 08:59:03.489 [info] > git rev-parse --show-toplevel [2ms]
2026-08-25 08:59:03.489 [info] fatal: not a git repository (or any of the parent directories): .git
2026-08-25 08:59:03.494 [info] > git rev-parse --show-toplevel [1ms]
2026-08-25 08:59:03.494 [info] fatal: not a git repository (or any of the parent directories): .git
2026-08-25 08:59:03.501 [info] > git rev-parse --show-toplevel [1ms]
2026-08-25 08:59:03.501 [info] fatal: not a git repository (or any of the parent directories): .git
2026-08-25 08:59:03.509 [info] > git rev-parse --show-toplevel [1ms]
2026-08-25 08:59:03.509 [info] fatal: not a git repository (or any of the parent directories): .git
2026-08-25 08:59:03.514 [info] > git rev-parse --show-toplevel [1ms]
2026-08-25 08:59:03.514 [info] fatal: not a git repository (or any of the parent directories): .git
2026-08-25 08:59:03.521 [info] > git rev-parse --show-toplevel [1ms]
2026-08-25 08:59:03.521 [info] fatal: not a git repository (or any of the parent directories): .git
2026-08-25 08:59:03.526 [info] > git rev-parse --show-toplevel [2ms]
2026-08-25 08:59:03.526 [info] fatal: not a git repository (or any of the parent directories): .git
2026-08-25 08:59:03.532 [info] > git rev-parse --show-toplevel [2ms]
2026-08-25 08:59:03.532 [info] fatal: not a git repository (or any of the parent directories): .git
2026-08-25 08:59:03.539 [info] > git rev-parse --show-toplevel [2ms]
2026-08-25 08:59:03.539 [info] fatal: not a git repository (or any of the parent directories): .git
2026-08-25 08:59:03.545 [info] > git rev-parse --show-toplevel [1ms]
2026-08-25 08:59:03.545 [info] fatal: not a git repository (or any of the parent directories): .git
2026-08-25 08:59:03.571 [info] > git rev-parse --show-toplevel [12ms]
2026-08-25 08:59:03.571 [info] fatal: not a git repository (or any of the parent directories): .git
2026-08-25 08:59:03.578 [info] > git rev-parse --show-toplevel [2ms]
2026-08-25 08:59:03.578 [info] fatal: not a git repository (or any of the parent directories): .git
2026-08-25 08:59:03.586 [info] > git rev-parse --show-toplevel [2ms]
2026-08-25 08:59:03.586 [info] fatal: not a git repository (or any of the parent directories): .git
2026-08-25 08:59:03.600 [info] > git rev-parse --show-toplevel [4ms]
2026-08-25 08:59:03.600 [info] fatal: not a git repository (or any of the parent directories): .git
2026-08-25 08:59:03.608 [info] > git rev-parse --show-toplevel [2ms]
2026-08-25 08:59:03.608 [info] fatal: not a git repository (or any of the parent directories): .git
2026-08-25 08:59:03.615 [info] > git rev-parse --show-toplevel [2ms]
2026-08-25 08:59:03.615 [info] fatal: not a git repository (or any of the parent directories): .git
2026-08-25 08:59:03.616 [info] [Model][doInitialScan] Initial repository scan completed - repositories (0), closed repositories (0), parent repositories (0), unsafe repositories (0)
2026-08-25 08:59:03.623 [info] > git rev-parse --show-toplevel [2ms]
2026-08-25 08:59:03.623 [info] fatal: not a git repository (or any of the parent directories): .git
2026-08-25 08:59:03.631 [info] > git rev-parse --show-toplevel [2ms]
2026-08-25 08:59:03.631 [info] fatal: not a git repository (or any of the parent directories): .git
2026-08-25 08:59:03.976 [info] > git rev-parse --show-toplevel [1ms]
2026-08-25 08:59:03.976 [info] fatal: not a git repository (or any of the parent directories): .git
2026-08-25 08:59:04.156 [info] > git rev-parse --show-toplevel [2ms]
2026-08-25 08:59:04.156 [info] fatal: not a git repository (or any of the parent directories): .git
2026-08-25 08:59:04.304 [info] > git rev-parse --show-toplevel [1ms]
2026-08-25 08:59:04.304 [info] fatal: not a git repository (or any of the parent directories): .git
2026-08-25 08:59:06.439 [info] > git rev-parse --show-toplevel [1ms]
2026-08-25 08:59:06.439 [info] fatal: not a git repository (or any of the parent directories): .git
2026-08-25 08:59:06.626 [info] > git rev-parse --show-toplevel [1ms]
2026-08-25 08:59:06.626 [info] fatal: not a git repository (or any of the parent directories): .git
2026-08-25 09:00:07.365 [info] > git rev-parse --show-toplevel [2ms]
2026-08-25 09:00:07.365 [info] fatal: not a git repository (or any of the parent directories): .git
2026-08-25 09:00:08.623 [info] > git rev-parse --show-toplevel [1ms]
2026-08-25 09:00:08.623 [info] fatal: not a git repository (or any of the parent directories): .git
