2026-08-25 14:30:06.870 [info] [main] Log level: Info
2026-08-25 14:30:06.870 [info] [main] Validating found git in: "git"
2026-08-25 14:30:06.950 [info] [main] Using git "2.55.0" from "git"
2026-08-25 14:30:06.950 [info] [Model][doInitialScan] Initial repository scan started
2026-08-25 14:30:06.993 [info] > git rev-parse --show-toplevel [21ms]
2026-08-25 14:30:06.993 [info] fatal: not a git repository (or any of the parent directories): .git
2026-08-25 14:30:07.002 [info] > git rev-parse --show-toplevel [3ms]
2026-08-25 14:30:07.002 [info] fatal: not a git repository (or any of the parent directories): .git
2026-08-25 14:30:07.039 [info] > git rev-parse --show-toplevel [33ms]
2026-08-25 14:30:07.039 [info] fatal: not a git repository (or any of the parent directories): .git
2026-08-25 14:30:07.060 [info] > git rev-parse --show-toplevel [1ms]
2026-08-25 14:30:07.060 [info] fatal: not a git repository (or any of the parent directories): .git
2026-08-25 14:30:07.068 [info] > git rev-parse --show-toplevel [2ms]
2026-08-25 14:30:07.068 [info] fatal: not a git repository (or any of the parent directories): .git
2026-08-25 14:30:07.074 [info] > git rev-parse --show-toplevel [2ms]
2026-08-25 14:30:07.074 [info] fatal: not a git repository (or any of the parent directories): .git
2026-08-25 14:30:07.080 [info] > git rev-parse --show-toplevel [2ms]
2026-08-25 14:30:07.080 [info] fatal: not a git repository (or any of the parent directories): .git
2026-08-25 14:30:07.087 [info] > git rev-parse --show-toplevel [2ms]
2026-08-25 14:30:07.087 [info] fatal: not a git repository (or any of the parent directories): .git
2026-08-25 14:30:07.092 [info] > git rev-parse --show-toplevel [1ms]
2026-08-25 14:30:07.092 [info] fatal: not a git repository (or any of the parent directories): .git
2026-08-25 14:30:07.098 [info] > git rev-parse --show-toplevel [2ms]
2026-08-25 14:30:07.098 [info] fatal: not a git repository (or any of the parent directories): .git
2026-08-25 14:30:07.103 [info] > git rev-parse --show-toplevel [1ms]
2026-08-25 14:30:07.103 [info] fatal: not a git repository (or any of the parent directories): .git
2026-08-25 14:30:07.111 [info] > git rev-parse --show-toplevel [3ms]
2026-08-25 14:30:07.111 [info] fatal: not a git repository (or any of the parent directories): .git
2026-08-25 14:30:07.122 [info] > git rev-parse --show-toplevel [5ms]
2026-08-25 14:30:07.122 [info] fatal: not a git repository (or any of the parent directories): .git
2026-08-25 14:30:07.128 [info] > git rev-parse --show-toplevel [2ms]
2026-08-25 14:30:07.128 [info] fatal: not a git repository (or any of the parent directories): .git
2026-08-25 14:30:07.136 [info] > git rev-parse --show-toplevel [3ms]
2026-08-25 14:30:07.136 [info] fatal: not a git repository (or any of the parent directories): .git
2026-08-25 14:30:07.161 [info] > git rev-parse --show-toplevel [20ms]
2026-08-25 14:30:07.161 [info] fatal: not a git repository (or any of the parent directories): .git
2026-08-25 14:30:07.171 [info] > git rev-parse --show-toplevel [4ms]
2026-08-25 14:30:07.171 [info] fatal: not a git repository (or any of the parent directories): .git
2026-08-25 14:30:07.181 [info] > git rev-parse --show-toplevel [4ms]
2026-08-25 14:30:07.181 [info] fatal: not a git repository (or any of the parent directories): .git
2026-08-25 14:30:07.191 [info] > git rev-parse --show-toplevel [2ms]
2026-08-25 14:30:07.191 [info] fatal: not a git repository (or any of the parent directories): .git
2026-08-25 14:30:07.202 [info] > git rev-parse --show-toplevel [6ms]
2026-08-25 14:30:07.202 [info] fatal: not a git repository (or any of the parent directories): .git
2026-08-25 14:30:07.218 [info] > git rev-parse --show-toplevel [7ms]
2026-08-25 14:30:07.218 [info] fatal: not a git repository (or any of the parent directories): .git
2026-08-25 14:30:07.226 [info] > git rev-parse --show-toplevel [2ms]
2026-08-25 14:30:07.226 [info] fatal: not a git repository (or any of the parent directories): .git
2026-08-25 14:30:07.234 [info] > git rev-parse --show-toplevel [2ms]
2026-08-25 14:30:07.234 [info] fatal: not a git repository (or any of the parent directories): .git
2026-08-25 14:30:07.241 [info] > git rev-parse --show-toplevel [2ms]
2026-08-25 14:30:07.241 [info] fatal: not a git repository (or any of the parent directories): .git
2026-08-25 14:30:07.249 [info] > git rev-parse --show-toplevel [2ms]
2026-08-25 14:30:07.249 [info] fatal: not a git repository (or any of the parent directories): .git
2026-08-25 14:30:07.258 [info] > git rev-parse --show-toplevel [2ms]
2026-08-25 14:30:07.258 [info] fatal: not a git repository (or any of the parent directories): .git
2026-08-25 14:30:07.266 [info] > git rev-parse --show-toplevel [1ms]
2026-08-25 14:30:07.266 [info] fatal: not a git repository (or any of the parent directories): .git
2026-08-25 14:30:07.267 [info] [Model][doInitialScan] Initial repository scan completed - repositories (0), closed repositories (0), parent repositories (0), unsafe repositories (0)
2026-08-25 14:30:07.274 [info] > git rev-parse --show-toplevel [2ms]
2026-08-25 14:30:07.274 [info] fatal: not a git repository (or any of the parent directories): .git
2026-08-25 14:30:07.281 [info] > git rev-parse --show-toplevel [2ms]
2026-08-25 14:30:07.281 [info] fatal: not a git repository (or any of the parent directories): .git
2026-08-25 14:30:07.607 [info] > git rev-parse --show-toplevel [2ms]
2026-08-25 14:30:07.607 [info] fatal: not a git repository (or any of the parent directories): .git
2026-08-25 14:30:07.749 [info] > git rev-parse --show-toplevel [2ms]
2026-08-25 14:30:07.749 [info] fatal: not a git repository (or any of the parent directories): .git
2026-08-25 14:30:07.912 [info] > git rev-parse --show-toplevel [1ms]
2026-08-25 14:30:07.912 [info] fatal: not a git repository (or any of the parent directories): .git
2026-08-25 14:31:01.924 [info] > git rev-parse --show-toplevel [1ms]
2026-08-25 14:31:01.924 [info] fatal: not a git repository (or any of the parent directories): .git
