2026-08-25 10:33:22.663 [info] [main] Log level: Info
2026-08-25 10:33:22.663 [info] [main] Validating found git in: "git"
2026-08-25 10:33:22.663 [info] [main] Using git "2.55.0" from "git"
2026-08-25 10:33:22.663 [info] [Model][doInitialScan] Initial repository scan started
2026-08-25 10:33:22.663 [info] > git rev-parse --show-toplevel [35ms]
2026-08-25 10:33:22.664 [info] fatal: not a git repository (or any of the parent directories): .git
2026-08-25 10:33:22.664 [info] > git rev-parse --show-toplevel [4ms]
2026-08-25 10:33:22.664 [info] fatal: not a git repository (or any of the parent directories): .git
2026-08-25 10:33:22.681 [info] > git rev-parse --show-toplevel [10ms]
2026-08-25 10:33:22.681 [info] fatal: not a git repository (or any of the parent directories): .git
2026-08-25 10:33:22.696 [info] > git rev-parse --show-toplevel [1ms]
2026-08-25 10:33:22.696 [info] fatal: not a git repository (or any of the parent directories): .git
2026-08-25 10:33:22.703 [info] > git rev-parse --show-toplevel [2ms]
2026-08-25 10:33:22.703 [info] fatal: not a git repository (or any of the parent directories): .git
2026-08-25 10:33:22.714 [info] > git rev-parse --show-toplevel [5ms]
2026-08-25 10:33:22.714 [info] fatal: not a git repository (or any of the parent directories): .git
2026-08-25 10:33:22.736 [info] > git rev-parse --show-toplevel [10ms]
2026-08-25 10:33:22.736 [info] fatal: not a git repository (or any of the parent directories): .git
2026-08-25 10:33:22.751 [info] > git rev-parse --show-toplevel [3ms]
2026-08-25 10:33:22.751 [info] fatal: not a git repository (or any of the parent directories): .git
2026-08-25 10:33:22.764 [info] > git rev-parse --show-toplevel [8ms]
2026-08-25 10:33:22.764 [info] fatal: not a git repository (or any of the parent directories): .git
2026-08-25 10:33:22.773 [info] > git rev-parse --show-toplevel [4ms]
2026-08-25 10:33:22.773 [info] fatal: not a git repository (or any of the parent directories): .git
2026-08-25 10:33:22.785 [info] > git rev-parse --show-toplevel [3ms]
2026-08-25 10:33:22.785 [info] fatal: not a git repository (or any of the parent directories): .git
2026-08-25 10:33:22.798 [info] > git rev-parse --show-toplevel [1ms]
2026-08-25 10:33:22.798 [info] fatal: not a git repository (or any of the parent directories): .git
2026-08-25 10:33:22.805 [info] > git rev-parse --show-toplevel [2ms]
2026-08-25 10:33:22.805 [info] fatal: not a git repository (or any of the parent directories): .git
2026-08-25 10:33:22.821 [info] > git rev-parse --show-toplevel [4ms]
2026-08-25 10:33:22.821 [info] fatal: not a git repository (or any of the parent directories): .git
2026-08-25 10:33:22.879 [info] > git rev-parse --show-toplevel [50ms]
2026-08-25 10:33:22.879 [info] fatal: not a git repository (or any of the parent directories): .git
2026-08-25 10:33:22.887 [info] > git rev-parse --show-toplevel [1ms]
2026-08-25 10:33:22.887 [info] fatal: not a git repository (or any of the parent directories): .git
2026-08-25 10:33:22.898 [info] > git rev-parse --show-toplevel [2ms]
2026-08-25 10:33:22.898 [info] fatal: not a git repository (or any of the parent directories): .git
2026-08-25 10:33:22.909 [info] > git rev-parse --show-toplevel [1ms]
2026-08-25 10:33:22.909 [info] fatal: not a git repository (or any of the parent directories): .git
2026-08-25 10:33:22.921 [info] > git rev-parse --show-toplevel [3ms]
2026-08-25 10:33:22.921 [info] fatal: not a git repository (or any of the parent directories): .git
2026-08-25 10:33:22.929 [info] > git rev-parse --show-toplevel [1ms]
2026-08-25 10:33:22.929 [info] fatal: not a git repository (or any of the parent directories): .git
2026-08-25 10:33:22.937 [info] > git rev-parse --show-toplevel [3ms]
2026-08-25 10:33:22.937 [info] fatal: not a git repository (or any of the parent directories): .git
2026-08-25 10:33:22.943 [info] > git rev-parse --show-toplevel [2ms]
2026-08-25 10:33:22.943 [info] fatal: not a git repository (or any of the parent directories): .git
2026-08-25 10:33:22.952 [info] > git rev-parse --show-toplevel [3ms]
2026-08-25 10:33:22.952 [info] fatal: not a git repository (or any of the parent directories): .git
2026-08-25 10:33:22.961 [info] > git rev-parse --show-toplevel [2ms]
2026-08-25 10:33:22.961 [info] fatal: not a git repository (or any of the parent directories): .git
2026-08-25 10:33:22.970 [info] > git rev-parse --show-toplevel [2ms]
2026-08-25 10:33:22.971 [info] fatal: not a git repository (or any of the parent directories): .git
2026-08-25 10:33:22.990 [info] > git rev-parse --show-toplevel [13ms]
2026-08-25 10:33:22.990 [info] fatal: not a git repository (or any of the parent directories): .git
2026-08-25 10:33:23.005 [info] > git rev-parse --show-toplevel [7ms]
2026-08-25 10:33:23.005 [info] fatal: not a git repository (or any of the parent directories): .git
2026-08-25 10:33:23.005 [info] [Model][doInitialScan] Initial repository scan completed - repositories (0), closed repositories (0), parent repositories (0), unsafe repositories (0)
2026-08-25 10:33:23.013 [info] > git rev-parse --show-toplevel [3ms]
2026-08-25 10:33:23.013 [info] fatal: not a git repository (or any of the parent directories): .git
2026-08-25 10:33:23.020 [info] > git rev-parse --show-toplevel [2ms]
2026-08-25 10:33:23.020 [info] fatal: not a git repository (or any of the parent directories): .git
2026-08-25 10:33:23.789 [info] > git rev-parse --show-toplevel [1ms]
2026-08-25 10:33:23.789 [info] fatal: not a git repository (or any of the parent directories): .git
2026-08-25 10:33:24.146 [info] > git rev-parse --show-toplevel [2ms]
2026-08-25 10:33:24.146 [info] fatal: not a git repository (or any of the parent directories): .git
2026-08-25 10:33:24.326 [info] > git rev-parse --show-toplevel [1ms]
2026-08-25 10:33:24.326 [info] fatal: not a git repository (or any of the parent directories): .git
2026-08-25 10:33:46.947 [info] > git rev-parse --show-toplevel [3ms]
2026-08-25 10:33:46.947 [info] fatal: not a git repository (or any of the parent directories): .git
2026-08-25 10:34:34.961 [info] > git rev-parse --show-toplevel [1ms]
2026-08-25 10:34:34.961 [info] fatal: not a git repository (or any of the parent directories): .git
2026-08-25 10:34:36.174 [info] > git rev-parse --show-toplevel [3ms]
2026-08-25 10:34:36.174 [info] fatal: not a git repository (or any of the parent directories): .git
2026-08-25 10:34:45.242 [info] > git rev-parse --show-toplevel [1ms]
2026-08-25 10:34:45.242 [info] fatal: not a git repository (or any of the parent directories): .git
2026-08-25 10:34:48.615 [info] > git rev-parse --show-toplevel [3ms]
2026-08-25 10:34:48.615 [info] fatal: not a git repository (or any of the parent directories): .git
2026-08-25 10:34:58.212 [info] > git rev-parse --show-toplevel [2ms]
2026-08-25 10:34:58.212 [info] fatal: not a git repository (or any of the parent directories): .git
2026-08-25 10:35:05.892 [info] > git rev-parse --show-toplevel [2ms]
2026-08-25 10:35:05.892 [info] fatal: not a git repository (or any of the parent directories): .git
2026-08-25 10:35:06.513 [info] > git rev-parse --show-toplevel [1ms]
2026-08-25 10:35:06.513 [info] fatal: not a git repository (or any of the parent directories): .git
2026-08-25 10:35:07.486 [info] > git rev-parse --show-toplevel [2ms]
2026-08-25 10:35:07.486 [info] fatal: not a git repository (or any of the parent directories): .git
2026-08-25 10:35:08.342 [info] > git rev-parse --show-toplevel [2ms]
2026-08-25 10:35:08.342 [info] fatal: not a git repository (or any of the parent directories): .git
2026-08-25 10:35:09.069 [info] > git rev-parse --show-toplevel [2ms]
2026-08-25 10:35:09.069 [info] fatal: not a git repository (or any of the parent directories): .git
2026-08-25 10:35:10.720 [info] > git rev-parse --show-toplevel [2ms]
2026-08-25 10:35:10.720 [info] fatal: not a git repository (or any of the parent directories): .git
2026-08-25 10:35:11.215 [info] > git rev-parse --show-toplevel [1ms]
2026-08-25 10:35:11.215 [info] fatal: not a git repository (or any of the parent directories): .git
2026-08-25 10:35:12.867 [info] > git rev-parse --show-toplevel [2ms]
2026-08-25 10:35:12.867 [info] fatal: not a git repository (or any of the parent directories): .git
2026-08-25 10:35:14.635 [info] > git rev-parse --show-toplevel [2ms]
2026-08-25 10:35:14.636 [info] fatal: not a git repository (or any of the parent directories): .git
2026-08-25 10:35:22.826 [info] > git rev-parse --show-toplevel [2ms]
2026-08-25 10:35:22.826 [info] fatal: not a git repository (or any of the parent directories): .git
2026-08-25 10:35:55.778 [info] > git rev-parse --show-toplevel [3ms]
2026-08-25 10:35:55.778 [info] fatal: not a git repository (or any of the parent directories): .git
2026-08-25 10:36:32.595 [info] > git rev-parse --show-toplevel [2ms]
2026-08-25 10:36:32.595 [info] fatal: not a git repository (or any of the parent directories): .git
2026-08-25 10:36:33.381 [info] > git rev-parse --show-toplevel [2ms]
2026-08-25 10:36:33.381 [info] fatal: not a git repository (or any of the parent directories): .git
2026-08-25 10:36:55.135 [info] > git rev-parse --show-toplevel [2ms]
2026-08-25 10:36:55.135 [info] fatal: not a git repository (or any of the parent directories): .git
