2026-08-24 22:47:35.131 [info] [main] Log level: Info
2026-08-24 22:47:35.131 [info] [main] Validating found git in: "git"
2026-08-24 22:47:35.131 [info] [main] Using git "2.55.0" from "git"
2026-08-24 22:47:35.131 [info] [Model][doInitialScan] Initial repository scan started
2026-08-24 22:47:35.131 [info] > git rev-parse --show-toplevel [19ms]
2026-08-24 22:47:35.131 [info] fatal: not a git repository (or any of the parent directories): .git
2026-08-24 22:47:35.140 [info] > git rev-parse --show-toplevel [2ms]
2026-08-24 22:47:35.141 [info] fatal: not a git repository (or any of the parent directories): .git
2026-08-24 22:47:35.176 [info] > git rev-parse --show-toplevel [31ms]
2026-08-24 22:47:35.176 [info] fatal: not a git repository (or any of the parent directories): .git
2026-08-24 22:47:35.181 [info] > git rev-parse --show-toplevel [1ms]
2026-08-24 22:47:35.182 [info] fatal: not a git repository (or any of the parent directories): .git
2026-08-24 22:47:35.187 [info] > git rev-parse --show-toplevel [1ms]
2026-08-24 22:47:35.187 [info] fatal: not a git repository (or any of the parent directories): .git
2026-08-24 22:47:35.192 [info] > git rev-parse --show-toplevel [2ms]
2026-08-24 22:47:35.192 [info] fatal: not a git repository (or any of the parent directories): .git
2026-08-24 22:47:35.200 [info] > git rev-parse --show-toplevel [5ms]
2026-08-24 22:47:35.200 [info] fatal: not a git repository (or any of the parent directories): .git
2026-08-24 22:47:35.205 [info] > git rev-parse --show-toplevel [1ms]
2026-08-24 22:47:35.206 [info] fatal: not a git repository (or any of the parent directories): .git
2026-08-24 22:47:35.211 [info] > git rev-parse --show-toplevel [2ms]
2026-08-24 22:47:35.211 [info] fatal: not a git repository (or any of the parent directories): .git
2026-08-24 22:47:35.216 [info] > git rev-parse --show-toplevel [1ms]
2026-08-24 22:47:35.216 [info] fatal: not a git repository (or any of the parent directories): .git
2026-08-24 22:47:35.221 [info] > git rev-parse --show-toplevel [1ms]
2026-08-24 22:47:35.221 [info] fatal: not a git repository (or any of the parent directories): .git
2026-08-24 22:47:35.231 [info] > git rev-parse --show-toplevel [6ms]
2026-08-24 22:47:35.231 [info] fatal: not a git repository (or any of the parent directories): .git
2026-08-24 22:47:35.237 [info] > git rev-parse --show-toplevel [2ms]
2026-08-24 22:47:35.237 [info] fatal: not a git repository (or any of the parent directories): .git
2026-08-24 22:47:35.243 [info] > git rev-parse --show-toplevel [1ms]
2026-08-24 22:47:35.243 [info] fatal: not a git repository (or any of the parent directories): .git
2026-08-24 22:47:35.249 [info] > git rev-parse --show-toplevel [1ms]
2026-08-24 22:47:35.249 [info] fatal: not a git repository (or any of the parent directories): .git
2026-08-24 22:47:35.255 [info] > git rev-parse --show-toplevel [1ms]
2026-08-24 22:47:35.255 [info] fatal: not a git repository (or any of the parent directories): .git
2026-08-24 22:47:35.261 [info] > git rev-parse --show-toplevel [1ms]
2026-08-24 22:47:35.261 [info] fatal: not a git repository (or any of the parent directories): .git
2026-08-24 22:47:35.266 [info] > git rev-parse --show-toplevel [1ms]
2026-08-24 22:47:35.266 [info] fatal: not a git repository (or any of the parent directories): .git
2026-08-24 22:47:35.272 [info] > git rev-parse --show-toplevel [1ms]
2026-08-24 22:47:35.272 [info] fatal: not a git repository (or any of the parent directories): .git
2026-08-24 22:47:35.280 [info] > git rev-parse --show-toplevel [2ms]
2026-08-24 22:47:35.280 [info] fatal: not a git repository (or any of the parent directories): .git
2026-08-24 22:47:35.286 [info] > git rev-parse --show-toplevel [0ms]
2026-08-24 22:47:35.286 [info] fatal: not a git repository (or any of the parent directories): .git
2026-08-24 22:47:35.292 [info] > git rev-parse --show-toplevel [2ms]
2026-08-24 22:47:35.292 [info] fatal: not a git repository (or any of the parent directories): .git
2026-08-24 22:47:35.293 [info] [Model][doInitialScan] Initial repository scan completed - repositories (0), closed repositories (0), parent repositories (0), unsafe repositories (0)
2026-08-24 22:47:35.309 [info] > git rev-parse --show-toplevel [2ms]
2026-08-24 22:47:35.309 [info] fatal: not a git repository (or any of the parent directories): .git
2026-08-24 22:47:35.675 [info] > git rev-parse --show-toplevel [2ms]
2026-08-24 22:47:35.675 [info] fatal: not a git repository (or any of the parent directories): .git
2026-08-24 22:47:36.119 [info] > git rev-parse --show-toplevel [2ms]
2026-08-24 22:47:36.119 [info] fatal: not a git repository (or any of the parent directories): .git
2026-08-24 22:47:38.852 [info] > git rev-parse --show-toplevel [1ms]
2026-08-24 22:47:38.852 [info] fatal: not a git repository (or any of the parent directories): .git
2026-08-24 22:47:41.836 [info] > git rev-parse --show-toplevel [2ms]
2026-08-24 22:47:41.836 [info] fatal: not a git repository (or any of the parent directories): .git
