2026-08-25 14:03:40.089 [info] [main] Log level: Info
2026-08-25 14:03:40.089 [info] [main] Validating found git in: "git"
2026-08-25 14:03:40.089 [info] [main] Using git "2.55.0" from "git"
2026-08-25 14:03:40.089 [info] [Model][doInitialScan] Initial repository scan started
2026-08-25 14:03:40.089 [info] > git rev-parse --show-toplevel [10ms]
2026-08-25 14:03:40.089 [info] fatal: not a git repository (or any of the parent directories): .git
2026-08-25 14:03:40.094 [info] > git rev-parse --show-toplevel [7ms]
2026-08-25 14:03:40.094 [info] fatal: not a git repository (or any of the parent directories): .git
2026-08-25 14:03:40.105 [info] > git rev-parse --show-toplevel [4ms]
2026-08-25 14:03:40.105 [info] fatal: not a git repository (or any of the parent directories): .git
2026-08-25 14:03:40.118 [info] > git rev-parse --show-toplevel [2ms]
2026-08-25 14:03:40.118 [info] fatal: not a git repository (or any of the parent directories): .git
2026-08-25 14:03:40.127 [info] > git rev-parse --show-toplevel [2ms]
2026-08-25 14:03:40.127 [info] fatal: not a git repository (or any of the parent directories): .git
2026-08-25 14:03:40.133 [info] > git rev-parse --show-toplevel [1ms]
2026-08-25 14:03:40.133 [info] fatal: not a git repository (or any of the parent directories): .git
2026-08-25 14:03:40.139 [info] > git rev-parse --show-toplevel [2ms]
2026-08-25 14:03:40.139 [info] fatal: not a git repository (or any of the parent directories): .git
2026-08-25 14:03:40.145 [info] > git rev-parse --show-toplevel [2ms]
2026-08-25 14:03:40.145 [info] fatal: not a git repository (or any of the parent directories): .git
2026-08-25 14:03:40.152 [info] > git rev-parse --show-toplevel [2ms]
2026-08-25 14:03:40.152 [info] fatal: not a git repository (or any of the parent directories): .git
2026-08-25 14:03:40.158 [info] > git rev-parse --show-toplevel [1ms]
2026-08-25 14:03:40.158 [info] fatal: not a git repository (or any of the parent directories): .git
2026-08-25 14:03:40.165 [info] > git rev-parse --show-toplevel [2ms]
2026-08-25 14:03:40.165 [info] fatal: not a git repository (or any of the parent directories): .git
2026-08-25 14:03:40.171 [info] > git rev-parse --show-toplevel [1ms]
2026-08-25 14:03:40.171 [info] fatal: not a git repository (or any of the parent directories): .git
2026-08-25 14:03:40.178 [info] > git rev-parse --show-toplevel [3ms]
2026-08-25 14:03:40.178 [info] fatal: not a git repository (or any of the parent directories): .git
2026-08-25 14:03:40.184 [info] > git rev-parse --show-toplevel [1ms]
2026-08-25 14:03:40.184 [info] fatal: not a git repository (or any of the parent directories): .git
2026-08-25 14:03:40.190 [info] > git rev-parse --show-toplevel [1ms]
2026-08-25 14:03:40.191 [info] fatal: not a git repository (or any of the parent directories): .git
2026-08-25 14:03:40.200 [info] > git rev-parse --show-toplevel [3ms]
2026-08-25 14:03:40.200 [info] fatal: not a git repository (or any of the parent directories): .git
2026-08-25 14:03:40.206 [info] > git rev-parse --show-toplevel [1ms]
2026-08-25 14:03:40.206 [info] fatal: not a git repository (or any of the parent directories): .git
2026-08-25 14:03:40.211 [info] > git rev-parse --show-toplevel [2ms]
2026-08-25 14:03:40.211 [info] fatal: not a git repository (or any of the parent directories): .git
2026-08-25 14:03:40.247 [info] > git rev-parse --show-toplevel [31ms]
2026-08-25 14:03:40.247 [info] fatal: not a git repository (or any of the parent directories): .git
2026-08-25 14:03:40.256 [info] > git rev-parse --show-toplevel [4ms]
2026-08-25 14:03:40.256 [info] fatal: not a git repository (or any of the parent directories): .git
2026-08-25 14:03:40.263 [info] > git rev-parse --show-toplevel [2ms]
2026-08-25 14:03:40.263 [info] fatal: not a git repository (or any of the parent directories): .git
2026-08-25 14:03:40.275 [info] > git rev-parse --show-toplevel [7ms]
2026-08-25 14:03:40.275 [info] fatal: not a git repository (or any of the parent directories): .git
2026-08-25 14:03:40.284 [info] > git rev-parse --show-toplevel [2ms]
2026-08-25 14:03:40.284 [info] fatal: not a git repository (or any of the parent directories): .git
2026-08-25 14:03:40.290 [info] > git rev-parse --show-toplevel [1ms]
2026-08-25 14:03:40.290 [info] fatal: not a git repository (or any of the parent directories): .git
2026-08-25 14:03:40.298 [info] > git rev-parse --show-toplevel [3ms]
2026-08-25 14:03:40.298 [info] fatal: not a git repository (or any of the parent directories): .git
2026-08-25 14:03:40.304 [info] > git rev-parse --show-toplevel [2ms]
2026-08-25 14:03:40.304 [info] fatal: not a git repository (or any of the parent directories): .git
2026-08-25 14:03:40.305 [info] [Model][doInitialScan] Initial repository scan completed - repositories (0), closed repositories (0), parent repositories (0), unsafe repositories (0)
2026-08-25 14:03:40.462 [info] > git rev-parse --show-toplevel [2ms]
2026-08-25 14:03:40.462 [info] fatal: not a git repository (or any of the parent directories): .git
2026-08-25 14:03:40.591 [info] > git rev-parse --show-toplevel [1ms]
2026-08-25 14:03:40.591 [info] fatal: not a git repository (or any of the parent directories): .git
2026-08-25 14:03:41.103 [info] > git rev-parse --show-toplevel [4ms]
2026-08-25 14:03:41.103 [info] fatal: not a git repository (or any of the parent directories): .git
2026-08-25 14:03:42.131 [info] > git rev-parse --show-toplevel [2ms]
2026-08-25 14:03:42.131 [info] fatal: not a git repository (or any of the parent directories): .git
2026-08-25 14:03:58.997 [info] > git rev-parse --show-toplevel [2ms]
2026-08-25 14:03:58.997 [info] fatal: not a git repository (or any of the parent directories): .git
2026-08-25 14:05:58.335 [info] > git rev-parse --show-toplevel [1ms]
2026-08-25 14:05:58.335 [info] fatal: not a git repository (or any of the parent directories): .git
2026-08-25 14:05:59.154 [info] > git rev-parse --show-toplevel [1ms]
2026-08-25 14:05:59.154 [info] fatal: not a git repository (or any of the parent directories): .git
