2026-08-25 08:06:37.881 [info] [main] Log level: Info
2026-08-25 08:06:37.881 [info] [main] Validating found git in: "git"
2026-08-25 08:06:37.968 [info] [main] Using git "2.55.0" from "git"
2026-08-25 08:06:37.968 [info] [Model][doInitialScan] Initial repository scan started
2026-08-25 08:06:38.058 [info] > git rev-parse --show-toplevel [66ms]
2026-08-25 08:06:38.058 [info] fatal: not a git repository (or any of the parent directories): .git
2026-08-25 08:06:38.072 [info] > git rev-parse --show-toplevel [2ms]
2026-08-25 08:06:38.072 [info] fatal: not a git repository (or any of the parent directories): .git
2026-08-25 08:06:38.100 [info] > git rev-parse --show-toplevel [3ms]
2026-08-25 08:06:38.100 [info] fatal: not a git repository (or any of the parent directories): .git
2026-08-25 08:06:38.113 [info] > git rev-parse --show-toplevel [6ms]
2026-08-25 08:06:38.113 [info] fatal: not a git repository (or any of the parent directories): .git
2026-08-25 08:06:38.125 [info] > git rev-parse --show-toplevel [3ms]
2026-08-25 08:06:38.125 [info] fatal: not a git repository (or any of the parent directories): .git
2026-08-25 08:06:38.131 [info] > git rev-parse --show-toplevel [1ms]
2026-08-25 08:06:38.131 [info] fatal: not a git repository (or any of the parent directories): .git
2026-08-25 08:06:38.138 [info] > git rev-parse --show-toplevel [3ms]
2026-08-25 08:06:38.138 [info] fatal: not a git repository (or any of the parent directories): .git
2026-08-25 08:06:38.146 [info] > git rev-parse --show-toplevel [2ms]
2026-08-25 08:06:38.146 [info] fatal: not a git repository (or any of the parent directories): .git
2026-08-25 08:06:38.154 [info] > git rev-parse --show-toplevel [3ms]
2026-08-25 08:06:38.154 [info] fatal: not a git repository (or any of the parent directories): .git
2026-08-25 08:06:38.163 [info] > git rev-parse --show-toplevel [2ms]
2026-08-25 08:06:38.163 [info] fatal: not a git repository (or any of the parent directories): .git
2026-08-25 08:06:38.173 [info] > git rev-parse --show-toplevel [4ms]
2026-08-25 08:06:38.173 [info] fatal: not a git repository (or any of the parent directories): .git
2026-08-25 08:06:38.185 [info] > git rev-parse --show-toplevel [3ms]
2026-08-25 08:06:38.185 [info] fatal: not a git repository (or any of the parent directories): .git
2026-08-25 08:06:38.194 [info] > git rev-parse --show-toplevel [3ms]
2026-08-25 08:06:38.194 [info] fatal: not a git repository (or any of the parent directories): .git
2026-08-25 08:06:38.202 [info] > git rev-parse --show-toplevel [1ms]
2026-08-25 08:06:38.202 [info] fatal: not a git repository (or any of the parent directories): .git
2026-08-25 08:06:38.210 [info] > git rev-parse --show-toplevel [1ms]
2026-08-25 08:06:38.210 [info] fatal: not a git repository (or any of the parent directories): .git
2026-08-25 08:06:38.218 [info] > git rev-parse --show-toplevel [2ms]
2026-08-25 08:06:38.218 [info] fatal: not a git repository (or any of the parent directories): .git
2026-08-25 08:06:38.226 [info] > git rev-parse --show-toplevel [1ms]
2026-08-25 08:06:38.226 [info] fatal: not a git repository (or any of the parent directories): .git
2026-08-25 08:06:38.234 [info] > git rev-parse --show-toplevel [3ms]
2026-08-25 08:06:38.234 [info] fatal: not a git repository (or any of the parent directories): .git
2026-08-25 08:06:38.241 [info] > git rev-parse --show-toplevel [3ms]
2026-08-25 08:06:38.241 [info] fatal: not a git repository (or any of the parent directories): .git
2026-08-25 08:06:38.248 [info] > git rev-parse --show-toplevel [2ms]
2026-08-25 08:06:38.248 [info] fatal: not a git repository (or any of the parent directories): .git
2026-08-25 08:06:38.256 [info] > git rev-parse --show-toplevel [3ms]
2026-08-25 08:06:38.256 [info] fatal: not a git repository (or any of the parent directories): .git
2026-08-25 08:06:38.262 [info] > git rev-parse --show-toplevel [2ms]
2026-08-25 08:06:38.262 [info] fatal: not a git repository (or any of the parent directories): .git
2026-08-25 08:06:38.268 [info] > git rev-parse --show-toplevel [2ms]
2026-08-25 08:06:38.268 [info] fatal: not a git repository (or any of the parent directories): .git
2026-08-25 08:06:38.270 [info] [Model][doInitialScan] Initial repository scan completed - repositories (0), closed repositories (0), parent repositories (0), unsafe repositories (0)
2026-08-25 08:06:39.268 [info] > git rev-parse --show-toplevel [5ms]
2026-08-25 08:06:39.268 [info] fatal: not a git repository (or any of the parent directories): .git
2026-08-25 08:06:39.376 [info] > git rev-parse --show-toplevel [13ms]
2026-08-25 08:06:39.376 [info] fatal: not a git repository (or any of the parent directories): .git
2026-08-25 08:06:39.388 [info] > git rev-parse --show-toplevel [4ms]
2026-08-25 08:06:39.388 [info] fatal: not a git repository (or any of the parent directories): .git
2026-08-25 08:06:39.751 [info] > git rev-parse --show-toplevel [3ms]
2026-08-25 08:06:39.751 [info] fatal: not a git repository (or any of the parent directories): .git
2026-08-25 08:06:39.983 [info] > git rev-parse --show-toplevel [0ms]
2026-08-25 08:06:39.984 [info] fatal: not a git repository (or any of the parent directories): .git
2026-08-25 08:06:40.189 [info] > git rev-parse --show-toplevel [1ms]
2026-08-25 08:06:40.189 [info] fatal: not a git repository (or any of the parent directories): .git
2026-08-25 08:06:55.010 [info] > git rev-parse --show-toplevel [3ms]
2026-08-25 08:06:55.010 [info] fatal: not a git repository (or any of the parent directories): .git
2026-08-25 08:08:00.510 [info] > git rev-parse --show-toplevel [1ms]
2026-08-25 08:08:00.510 [info] fatal: not a git repository (or any of the parent directories): .git
2026-08-25 08:10:05.836 [info] > git rev-parse --show-toplevel [1ms]
2026-08-25 08:10:05.836 [info] fatal: not a git repository (or any of the parent directories): .git
2026-08-25 08:10:16.627 [info] > git rev-parse --show-toplevel [2ms]
2026-08-25 08:10:16.627 [info] fatal: not a git repository (or any of the parent directories): .git
2026-08-25 08:10:39.076 [info] > git rev-parse --show-toplevel [2ms]
2026-08-25 08:10:39.076 [info] fatal: not a git repository (or any of the parent directories): .git
2026-08-25 08:10:40.784 [info] > git rev-parse --show-toplevel [1ms]
2026-08-25 08:10:40.784 [info] fatal: not a git repository (or any of the parent directories): .git
2026-08-25 08:10:44.433 [info] > git rev-parse --show-toplevel [2ms]
2026-08-25 08:10:44.433 [info] fatal: not a git repository (or any of the parent directories): .git
2026-08-25 08:11:32.150 [info] > git rev-parse --show-toplevel [3ms]
2026-08-25 08:11:32.150 [info] fatal: not a git repository (or any of the parent directories): .git
2026-08-25 08:12:41.529 [info] > git rev-parse --show-toplevel [1ms]
2026-08-25 08:12:41.529 [info] fatal: not a git repository (or any of the parent directories): .git
2026-08-25 08:13:04.387 [info] > git rev-parse --show-toplevel [1ms]
2026-08-25 08:13:04.387 [info] fatal: not a git repository (or any of the parent directories): .git
