2026-08-25 09:02:35.552 [info] [main] Log level: Info
2026-08-25 09:02:35.552 [info] [main] Validating found git in: "git"
2026-08-25 09:02:35.552 [info] [main] Using git "2.55.0" from "git"
2026-08-25 09:02:35.552 [info] [Model][doInitialScan] Initial repository scan started
2026-08-25 09:02:35.552 [info] > git rev-parse --show-toplevel [16ms]
2026-08-25 09:02:35.552 [info] fatal: not a git repository (or any of the parent directories): .git
2026-08-25 09:02:35.566 [info] > git rev-parse --show-toplevel [7ms]
2026-08-25 09:02:35.566 [info] fatal: not a git repository (or any of the parent directories): .git
2026-08-25 09:02:35.578 [info] > git rev-parse --show-toplevel [2ms]
2026-08-25 09:02:35.578 [info] fatal: not a git repository (or any of the parent directories): .git
2026-08-25 09:02:35.585 [info] > git rev-parse --show-toplevel [2ms]
2026-08-25 09:02:35.585 [info] fatal: not a git repository (or any of the parent directories): .git
2026-08-25 09:02:35.591 [info] > git rev-parse --show-toplevel [2ms]
2026-08-25 09:02:35.591 [info] fatal: not a git repository (or any of the parent directories): .git
2026-08-25 09:02:35.599 [info] > git rev-parse --show-toplevel [3ms]
2026-08-25 09:02:35.599 [info] fatal: not a git repository (or any of the parent directories): .git
2026-08-25 09:02:35.639 [info] > git rev-parse --show-toplevel [7ms]
2026-08-25 09:02:35.639 [info] fatal: not a git repository (or any of the parent directories): .git
2026-08-25 09:02:35.645 [info] > git rev-parse --show-toplevel [1ms]
2026-08-25 09:02:35.645 [info] fatal: not a git repository (or any of the parent directories): .git
2026-08-25 09:02:35.651 [info] > git rev-parse --show-toplevel [2ms]
2026-08-25 09:02:35.651 [info] fatal: not a git repository (or any of the parent directories): .git
2026-08-25 09:02:35.657 [info] > git rev-parse --show-toplevel [2ms]
2026-08-25 09:02:35.657 [info] fatal: not a git repository (or any of the parent directories): .git
2026-08-25 09:02:35.668 [info] > git rev-parse --show-toplevel [3ms]
2026-08-25 09:02:35.668 [info] fatal: not a git repository (or any of the parent directories): .git
2026-08-25 09:02:35.676 [info] > git rev-parse --show-toplevel [3ms]
2026-08-25 09:02:35.676 [info] fatal: not a git repository (or any of the parent directories): .git
2026-08-25 09:02:35.683 [info] > git rev-parse --show-toplevel [1ms]
2026-08-25 09:02:35.683 [info] fatal: not a git repository (or any of the parent directories): .git
2026-08-25 09:02:35.688 [info] > git rev-parse --show-toplevel [1ms]
2026-08-25 09:02:35.688 [info] fatal: not a git repository (or any of the parent directories): .git
2026-08-25 09:02:35.694 [info] > git rev-parse --show-toplevel [1ms]
2026-08-25 09:02:35.694 [info] fatal: not a git repository (or any of the parent directories): .git
2026-08-25 09:02:35.701 [info] > git rev-parse --show-toplevel [2ms]
2026-08-25 09:02:35.701 [info] fatal: not a git repository (or any of the parent directories): .git
2026-08-25 09:02:35.709 [info] > git rev-parse --show-toplevel [3ms]
2026-08-25 09:02:35.709 [info] fatal: not a git repository (or any of the parent directories): .git
2026-08-25 09:02:35.716 [info] > git rev-parse --show-toplevel [2ms]
2026-08-25 09:02:35.716 [info] fatal: not a git repository (or any of the parent directories): .git
2026-08-25 09:02:35.723 [info] > git rev-parse --show-toplevel [3ms]
2026-08-25 09:02:35.723 [info] fatal: not a git repository (or any of the parent directories): .git
2026-08-25 09:02:35.732 [info] > git rev-parse --show-toplevel [3ms]
2026-08-25 09:02:35.732 [info] fatal: not a git repository (or any of the parent directories): .git
2026-08-25 09:02:35.739 [info] > git rev-parse --show-toplevel [1ms]
2026-08-25 09:02:35.739 [info] fatal: not a git repository (or any of the parent directories): .git
2026-08-25 09:02:35.747 [info] > git rev-parse --show-toplevel [2ms]
2026-08-25 09:02:35.747 [info] fatal: not a git repository (or any of the parent directories): .git
2026-08-25 09:02:35.754 [info] > git rev-parse --show-toplevel [1ms]
2026-08-25 09:02:35.754 [info] fatal: not a git repository (or any of the parent directories): .git
2026-08-25 09:02:35.762 [info] > git rev-parse --show-toplevel [3ms]
2026-08-25 09:02:35.762 [info] fatal: not a git repository (or any of the parent directories): .git
2026-08-25 09:02:35.770 [info] > git rev-parse --show-toplevel [1ms]
2026-08-25 09:02:35.770 [info] fatal: not a git repository (or any of the parent directories): .git
2026-08-25 09:02:35.770 [info] [Model][doInitialScan] Initial repository scan completed - repositories (0), closed repositories (0), parent repositories (0), unsafe repositories (0)
2026-08-25 09:02:35.824 [info] > git rev-parse --show-toplevel [2ms]
2026-08-25 09:02:35.824 [info] fatal: not a git repository (or any of the parent directories): .git
2026-08-25 09:02:38.024 [info] > git rev-parse --show-toplevel [5ms]
2026-08-25 09:02:38.024 [info] fatal: not a git repository (or any of the parent directories): .git
2026-08-25 09:02:38.198 [info] > git rev-parse --show-toplevel [4ms]
2026-08-25 09:02:38.198 [info] fatal: not a git repository (or any of the parent directories): .git
