2026-08-25 17:08:24.648 [info] [main] Log level: Info
2026-08-25 17:08:24.648 [info] [main] Validating found git in: "git"
2026-08-25 17:08:24.648 [info] [main] Using git "2.55.0" from "git"
2026-08-25 17:08:24.648 [info] [Model][doInitialScan] Initial repository scan started
2026-08-25 17:08:24.648 [info] > git rev-parse --show-toplevel [49ms]
2026-08-25 17:08:24.648 [info] fatal: not a git repository (or any of the parent directories): .git
2026-08-25 17:08:24.649 [info] > git rev-parse --show-toplevel [3ms]
2026-08-25 17:08:24.649 [info] fatal: not a git repository (or any of the parent directories): .git
2026-08-25 17:08:24.656 [info] > git rev-parse --show-toplevel [2ms]
2026-08-25 17:08:24.656 [info] fatal: not a git repository (or any of the parent directories): .git
2026-08-25 17:08:24.661 [info] > git rev-parse --show-toplevel [2ms]
2026-08-25 17:08:24.661 [info] fatal: not a git repository (or any of the parent directories): .git
2026-08-25 17:08:24.666 [info] > git rev-parse --show-toplevel [1ms]
2026-08-25 17:08:24.666 [info] fatal: not a git repository (or any of the parent directories): .git
2026-08-25 17:08:24.672 [info] > git rev-parse --show-toplevel [1ms]
2026-08-25 17:08:24.672 [info] fatal: not a git repository (or any of the parent directories): .git
2026-08-25 17:08:24.676 [info] > git rev-parse --show-toplevel [1ms]
2026-08-25 17:08:24.677 [info] fatal: not a git repository (or any of the parent directories): .git
2026-08-25 17:08:24.682 [info] > git rev-parse --show-toplevel [2ms]
2026-08-25 17:08:24.682 [info] fatal: not a git repository (or any of the parent directories): .git
2026-08-25 17:08:24.687 [info] > git rev-parse --show-toplevel [2ms]
2026-08-25 17:08:24.687 [info] fatal: not a git repository (or any of the parent directories): .git
2026-08-25 17:08:24.691 [info] > git rev-parse --show-toplevel [1ms]
2026-08-25 17:08:24.691 [info] fatal: not a git repository (or any of the parent directories): .git
2026-08-25 17:08:24.696 [info] > git rev-parse --show-toplevel [2ms]
2026-08-25 17:08:24.696 [info] fatal: not a git repository (or any of the parent directories): .git
2026-08-25 17:08:24.700 [info] > git rev-parse --show-toplevel [1ms]
2026-08-25 17:08:24.700 [info] fatal: not a git repository (or any of the parent directories): .git
2026-08-25 17:08:24.705 [info] > git rev-parse --show-toplevel [1ms]
2026-08-25 17:08:24.705 [info] fatal: not a git repository (or any of the parent directories): .git
2026-08-25 17:08:24.710 [info] > git rev-parse --show-toplevel [1ms]
2026-08-25 17:08:24.710 [info] fatal: not a git repository (or any of the parent directories): .git
2026-08-25 17:08:24.714 [info] > git rev-parse --show-toplevel [1ms]
2026-08-25 17:08:24.714 [info] fatal: not a git repository (or any of the parent directories): .git
2026-08-25 17:08:24.718 [info] > git rev-parse --show-toplevel [1ms]
2026-08-25 17:08:24.719 [info] fatal: not a git repository (or any of the parent directories): .git
2026-08-25 17:08:24.724 [info] > git rev-parse --show-toplevel [2ms]
2026-08-25 17:08:24.724 [info] fatal: not a git repository (or any of the parent directories): .git
2026-08-25 17:08:24.729 [info] > git rev-parse --show-toplevel [1ms]
2026-08-25 17:08:24.729 [info] fatal: not a git repository (or any of the parent directories): .git
2026-08-25 17:08:24.735 [info] > git rev-parse --show-toplevel [2ms]
2026-08-25 17:08:24.735 [info] fatal: not a git repository (or any of the parent directories): .git
2026-08-25 17:08:24.740 [info] > git rev-parse --show-toplevel [1ms]
2026-08-25 17:08:24.740 [info] fatal: not a git repository (or any of the parent directories): .git
2026-08-25 17:08:24.744 [info] > git rev-parse --show-toplevel [1ms]
2026-08-25 17:08:24.744 [info] fatal: not a git repository (or any of the parent directories): .git
2026-08-25 17:08:24.749 [info] > git rev-parse --show-toplevel [1ms]
2026-08-25 17:08:24.749 [info] fatal: not a git repository (or any of the parent directories): .git
2026-08-25 17:08:24.754 [info] > git rev-parse --show-toplevel [1ms]
2026-08-25 17:08:24.754 [info] fatal: not a git repository (or any of the parent directories): .git
2026-08-25 17:08:24.759 [info] > git rev-parse --show-toplevel [2ms]
2026-08-25 17:08:24.759 [info] fatal: not a git repository (or any of the parent directories): .git
2026-08-25 17:08:24.763 [info] > git rev-parse --show-toplevel [1ms]
2026-08-25 17:08:24.763 [info] fatal: not a git repository (or any of the parent directories): .git
2026-08-25 17:08:24.768 [info] > git rev-parse --show-toplevel [1ms]
2026-08-25 17:08:24.768 [info] fatal: not a git repository (or any of the parent directories): .git
2026-08-25 17:08:24.769 [info] [Model][doInitialScan] Initial repository scan completed - repositories (0), closed repositories (0), parent repositories (0), unsafe repositories (0)
2026-08-25 17:08:34.565 [info] > git rev-parse --show-toplevel [15ms]
2026-08-25 17:08:34.565 [info] fatal: not a git repository (or any of the parent directories): .git
2026-08-25 17:08:34.579 [info] > git rev-parse --show-toplevel [7ms]
2026-08-25 17:08:34.579 [info] fatal: not a git repository (or any of the parent directories): .git
2026-08-25 17:08:34.594 [info] > git rev-parse --show-toplevel [10ms]
2026-08-25 17:08:34.594 [info] fatal: not a git repository (or any of the parent directories): .git
2026-08-25 17:08:35.246 [info] > git rev-parse --show-toplevel [1ms]
2026-08-25 17:08:35.247 [info] fatal: not a git repository (or any of the parent directories): .git
2026-08-25 17:08:35.373 [info] > git rev-parse --show-toplevel [4ms]
2026-08-25 17:08:35.374 [info] fatal: not a git repository (or any of the parent directories): .git
2026-08-25 17:08:35.627 [info] > git rev-parse --show-toplevel [2ms]
2026-08-25 17:08:35.627 [info] fatal: not a git repository (or any of the parent directories): .git
2026-08-25 17:08:36.126 [info] > git rev-parse --show-toplevel [3ms]
2026-08-25 17:08:36.126 [info] fatal: not a git repository (or any of the parent directories): .git
