2026-08-24 22:21:51.714 [info] [main] Log level: Info
2026-08-24 22:21:51.714 [info] [main] Validating found git in: "git"
2026-08-24 22:21:51.714 [info] [main] Using git "2.55.0" from "git"
2026-08-24 22:21:51.714 [info] [Model][doInitialScan] Initial repository scan started
2026-08-24 22:21:51.714 [info] > git rev-parse --show-toplevel [59ms]
2026-08-24 22:21:51.714 [info] fatal: not a git repository (or any of the parent directories): .git
2026-08-24 22:21:51.715 [info] > git rev-parse --show-toplevel [5ms]
2026-08-24 22:21:51.715 [info] fatal: not a git repository (or any of the parent directories): .git
2026-08-24 22:21:51.725 [info] > git rev-parse --show-toplevel [1ms]
2026-08-24 22:21:51.725 [info] fatal: not a git repository (or any of the parent directories): .git
2026-08-24 22:21:51.731 [info] > git rev-parse --show-toplevel [2ms]
2026-08-24 22:21:51.731 [info] fatal: not a git repository (or any of the parent directories): .git
2026-08-24 22:21:51.737 [info] > git rev-parse --show-toplevel [2ms]
2026-08-24 22:21:51.737 [info] fatal: not a git repository (or any of the parent directories): .git
2026-08-24 22:21:51.744 [info] > git rev-parse --show-toplevel [1ms]
2026-08-24 22:21:51.744 [info] fatal: not a git repository (or any of the parent directories): .git
2026-08-24 22:21:51.752 [info] > git rev-parse --show-toplevel [1ms]
2026-08-24 22:21:51.752 [info] fatal: not a git repository (or any of the parent directories): .git
2026-08-24 22:21:51.758 [info] > git rev-parse --show-toplevel [1ms]
2026-08-24 22:21:51.758 [info] fatal: not a git repository (or any of the parent directories): .git
2026-08-24 22:21:51.765 [info] > git rev-parse --show-toplevel [1ms]
2026-08-24 22:21:51.765 [info] fatal: not a git repository (or any of the parent directories): .git
2026-08-24 22:21:51.771 [info] > git rev-parse --show-toplevel [2ms]
2026-08-24 22:21:51.771 [info] fatal: not a git repository (or any of the parent directories): .git
2026-08-24 22:21:51.777 [info] > git rev-parse --show-toplevel [1ms]
2026-08-24 22:21:51.777 [info] fatal: not a git repository (or any of the parent directories): .git
2026-08-24 22:21:51.784 [info] > git rev-parse --show-toplevel [1ms]
2026-08-24 22:21:51.784 [info] fatal: not a git repository (or any of the parent directories): .git
2026-08-24 22:21:51.790 [info] > git rev-parse --show-toplevel [2ms]
2026-08-24 22:21:51.790 [info] fatal: not a git repository (or any of the parent directories): .git
2026-08-24 22:21:51.795 [info] > git rev-parse --show-toplevel [1ms]
2026-08-24 22:21:51.795 [info] fatal: not a git repository (or any of the parent directories): .git
2026-08-24 22:21:51.801 [info] > git rev-parse --show-toplevel [2ms]
2026-08-24 22:21:51.801 [info] fatal: not a git repository (or any of the parent directories): .git
2026-08-24 22:21:51.807 [info] > git rev-parse --show-toplevel [2ms]
2026-08-24 22:21:51.807 [info] fatal: not a git repository (or any of the parent directories): .git
2026-08-24 22:21:51.812 [info] > git rev-parse --show-toplevel [2ms]
2026-08-24 22:21:51.812 [info] fatal: not a git repository (or any of the parent directories): .git
2026-08-24 22:21:51.817 [info] > git rev-parse --show-toplevel [1ms]
2026-08-24 22:21:51.817 [info] fatal: not a git repository (or any of the parent directories): .git
2026-08-24 22:21:51.824 [info] > git rev-parse --show-toplevel [1ms]
2026-08-24 22:21:51.824 [info] fatal: not a git repository (or any of the parent directories): .git
2026-08-24 22:21:51.829 [info] > git rev-parse --show-toplevel [2ms]
2026-08-24 22:21:51.829 [info] fatal: not a git repository (or any of the parent directories): .git
2026-08-24 22:21:51.829 [info] [Model][doInitialScan] Initial repository scan completed - repositories (0), closed repositories (0), parent repositories (0), unsafe repositories (0)
2026-08-24 22:21:57.540 [info] > git rev-parse --show-toplevel [22ms]
2026-08-24 22:21:57.540 [info] fatal: not a git repository (or any of the parent directories): .git
2026-08-24 22:21:57.560 [info] > git rev-parse --show-toplevel [11ms]
2026-08-24 22:21:57.560 [info] fatal: not a git repository (or any of the parent directories): .git
2026-08-24 22:21:57.570 [info] > git rev-parse --show-toplevel [2ms]
2026-08-24 22:21:57.570 [info] fatal: not a git repository (or any of the parent directories): .git
2026-08-24 22:21:57.862 [info] > git rev-parse --show-toplevel [1ms]
2026-08-24 22:21:57.862 [info] fatal: not a git repository (or any of the parent directories): .git
2026-08-24 22:21:58.023 [info] > git rev-parse --show-toplevel [2ms]
2026-08-24 22:21:58.023 [info] fatal: not a git repository (or any of the parent directories): .git
2026-08-24 22:21:58.188 [info] > git rev-parse --show-toplevel [1ms]
2026-08-24 22:21:58.188 [info] fatal: not a git repository (or any of the parent directories): .git
2026-08-24 22:22:19.599 [info] > git rev-parse --show-toplevel [2ms]
2026-08-24 22:22:19.599 [info] fatal: not a git repository (or any of the parent directories): .git
2026-08-24 22:22:44.730 [info] > git rev-parse --show-toplevel [2ms]
2026-08-24 22:22:44.730 [info] fatal: not a git repository (or any of the parent directories): .git
2026-08-24 22:22:57.643 [info] > git rev-parse --show-toplevel [10ms]
2026-08-24 22:22:57.643 [info] fatal: not a git repository (or any of the parent directories): .git
2026-08-24 22:25:41.637 [info] > git rev-parse --show-toplevel [1ms]
2026-08-24 22:25:41.637 [info] fatal: not a git repository (or any of the parent directories): .git
2026-08-24 22:25:43.665 [info] > git rev-parse --show-toplevel [1ms]
2026-08-24 22:25:43.665 [info] fatal: not a git repository (or any of the parent directories): .git
2026-08-24 22:28:12.387 [info] > git rev-parse --show-toplevel [2ms]
2026-08-24 22:28:12.387 [info] fatal: not a git repository (or any of the parent directories): .git
2026-08-24 22:30:14.456 [info] > git rev-parse --show-toplevel [1ms]
2026-08-24 22:30:14.456 [info] fatal: not a git repository (or any of the parent directories): .git
2026-08-24 22:30:18.816 [info] > git rev-parse --show-toplevel [2ms]
2026-08-24 22:30:18.816 [info] fatal: not a git repository (or any of the parent directories): .git
2026-08-24 22:30:29.921 [info] > git rev-parse --show-toplevel [2ms]
2026-08-24 22:30:29.921 [info] fatal: not a git repository (or any of the parent directories): .git
2026-08-24 22:30:30.863 [info] > git rev-parse --show-toplevel [2ms]
2026-08-24 22:30:30.863 [info] fatal: not a git repository (or any of the parent directories): .git
2026-08-24 22:30:31.944 [info] > git rev-parse --show-toplevel [3ms]
2026-08-24 22:30:31.944 [info] fatal: not a git repository (or any of the parent directories): .git
2026-08-24 22:30:34.046 [info] > git rev-parse --show-toplevel [2ms]
2026-08-24 22:30:34.046 [info] fatal: not a git repository (or any of the parent directories): .git
2026-08-24 22:30:34.967 [info] > git rev-parse --show-toplevel [1ms]
2026-08-24 22:30:34.967 [info] fatal: not a git repository (or any of the parent directories): .git
2026-08-24 22:30:35.459 [info] > git rev-parse --show-toplevel [3ms]
2026-08-24 22:30:35.459 [info] fatal: not a git repository (or any of the parent directories): .git
2026-08-24 22:30:36.937 [info] > git rev-parse --show-toplevel [1ms]
2026-08-24 22:30:36.937 [info] fatal: not a git repository (or any of the parent directories): .git
2026-08-24 22:30:37.327 [info] > git rev-parse --show-toplevel [1ms]
2026-08-24 22:30:37.327 [info] fatal: not a git repository (or any of the parent directories): .git
2026-08-24 22:34:57.185 [info] > git rev-parse --show-toplevel [2ms]
2026-08-24 22:34:57.185 [info] fatal: not a git repository (or any of the parent directories): .git
2026-08-24 22:37:43.936 [info] > git rev-parse --show-toplevel [2ms]
2026-08-24 22:37:43.936 [info] fatal: not a git repository (or any of the parent directories): .git
