2026-08-25 13:38:39.769 [info] [main] Log level: Info
2026-08-25 13:38:39.769 [info] [main] Validating found git in: "git"
2026-08-25 13:38:39.769 [info] [main] Using git "2.55.0" from "git"
2026-08-25 13:38:39.769 [info] [Model][doInitialScan] Initial repository scan started
2026-08-25 13:38:39.769 [info] > git rev-parse --show-toplevel [62ms]
2026-08-25 13:38:39.769 [info] fatal: not a git repository (or any of the parent directories): .git
2026-08-25 13:38:39.778 [info] > git rev-parse --show-toplevel [2ms]
2026-08-25 13:38:39.778 [info] fatal: not a git repository (or any of the parent directories): .git
2026-08-25 13:38:39.783 [info] > git rev-parse --show-toplevel [2ms]
2026-08-25 13:38:39.783 [info] fatal: not a git repository (or any of the parent directories): .git
2026-08-25 13:38:39.787 [info] > git rev-parse --show-toplevel [1ms]
2026-08-25 13:38:39.788 [info] fatal: not a git repository (or any of the parent directories): .git
2026-08-25 13:38:39.792 [info] > git rev-parse --show-toplevel [1ms]
2026-08-25 13:38:39.792 [info] fatal: not a git repository (or any of the parent directories): .git
2026-08-25 13:38:39.798 [info] > git rev-parse --show-toplevel [2ms]
2026-08-25 13:38:39.798 [info] fatal: not a git repository (or any of the parent directories): .git
2026-08-25 13:38:39.804 [info] > git rev-parse --show-toplevel [2ms]
2026-08-25 13:38:39.804 [info] fatal: not a git repository (or any of the parent directories): .git
2026-08-25 13:38:39.809 [info] > git rev-parse --show-toplevel [1ms]
2026-08-25 13:38:39.809 [info] fatal: not a git repository (or any of the parent directories): .git
2026-08-25 13:38:39.815 [info] > git rev-parse --show-toplevel [2ms]
2026-08-25 13:38:39.815 [info] fatal: not a git repository (or any of the parent directories): .git
2026-08-25 13:38:39.820 [info] > git rev-parse --show-toplevel [1ms]
2026-08-25 13:38:39.820 [info] fatal: not a git repository (or any of the parent directories): .git
2026-08-25 13:38:39.826 [info] > git rev-parse --show-toplevel [2ms]
2026-08-25 13:38:39.826 [info] fatal: not a git repository (or any of the parent directories): .git
2026-08-25 13:38:39.831 [info] > git rev-parse --show-toplevel [1ms]
2026-08-25 13:38:39.831 [info] fatal: not a git repository (or any of the parent directories): .git
2026-08-25 13:38:39.837 [info] > git rev-parse --show-toplevel [2ms]
2026-08-25 13:38:39.837 [info] fatal: not a git repository (or any of the parent directories): .git
2026-08-25 13:38:39.845 [info] > git rev-parse --show-toplevel [3ms]
2026-08-25 13:38:39.845 [info] fatal: not a git repository (or any of the parent directories): .git
2026-08-25 13:38:39.851 [info] > git rev-parse --show-toplevel [2ms]
2026-08-25 13:38:39.851 [info] fatal: not a git repository (or any of the parent directories): .git
2026-08-25 13:38:39.857 [info] > git rev-parse --show-toplevel [2ms]
2026-08-25 13:38:39.857 [info] fatal: not a git repository (or any of the parent directories): .git
2026-08-25 13:38:39.862 [info] > git rev-parse --show-toplevel [1ms]
2026-08-25 13:38:39.862 [info] fatal: not a git repository (or any of the parent directories): .git
2026-08-25 13:38:39.868 [info] > git rev-parse --show-toplevel [1ms]
2026-08-25 13:38:39.868 [info] fatal: not a git repository (or any of the parent directories): .git
2026-08-25 13:38:39.873 [info] > git rev-parse --show-toplevel [1ms]
2026-08-25 13:38:39.873 [info] fatal: not a git repository (or any of the parent directories): .git
2026-08-25 13:38:39.878 [info] > git rev-parse --show-toplevel [1ms]
2026-08-25 13:38:39.878 [info] fatal: not a git repository (or any of the parent directories): .git
2026-08-25 13:38:39.883 [info] > git rev-parse --show-toplevel [2ms]
2026-08-25 13:38:39.883 [info] fatal: not a git repository (or any of the parent directories): .git
2026-08-25 13:38:39.887 [info] > git rev-parse --show-toplevel [1ms]
2026-08-25 13:38:39.887 [info] fatal: not a git repository (or any of the parent directories): .git
2026-08-25 13:38:39.893 [info] > git rev-parse --show-toplevel [1ms]
2026-08-25 13:38:39.893 [info] fatal: not a git repository (or any of the parent directories): .git
2026-08-25 13:38:39.898 [info] > git rev-parse --show-toplevel [1ms]
2026-08-25 13:38:39.898 [info] fatal: not a git repository (or any of the parent directories): .git
2026-08-25 13:38:39.904 [info] > git rev-parse --show-toplevel [2ms]
2026-08-25 13:38:39.904 [info] fatal: not a git repository (or any of the parent directories): .git
2026-08-25 13:38:39.905 [info] [Model][doInitialScan] Initial repository scan completed - repositories (0), closed repositories (0), parent repositories (0), unsafe repositories (0)
2026-08-25 13:38:52.050 [info] > git rev-parse --show-toplevel [8ms]
2026-08-25 13:38:52.050 [info] fatal: not a git repository (or any of the parent directories): .git
2026-08-25 13:38:52.057 [info] > git rev-parse --show-toplevel [2ms]
2026-08-25 13:38:52.057 [info] fatal: not a git repository (or any of the parent directories): .git
2026-08-25 13:39:33.700 [info] > git rev-parse --show-toplevel [1ms]
2026-08-25 13:39:33.700 [info] fatal: not a git repository (or any of the parent directories): .git
2026-08-25 13:39:49.250 [info] > git rev-parse --show-toplevel [4ms]
2026-08-25 13:39:49.250 [info] fatal: not a git repository (or any of the parent directories): .git
2026-08-25 13:40:03.793 [info] > git rev-parse --show-toplevel [2ms]
2026-08-25 13:40:03.793 [info] fatal: not a git repository (or any of the parent directories): .git
2026-08-25 13:40:04.571 [info] > git rev-parse --show-toplevel [1ms]
2026-08-25 13:40:04.571 [info] fatal: not a git repository (or any of the parent directories): .git
2026-08-25 13:40:07.356 [info] > git rev-parse --show-toplevel [19ms]
2026-08-25 13:40:07.356 [info] fatal: not a git repository (or any of the parent directories): .git
2026-08-25 13:40:12.052 [info] > git rev-parse --show-toplevel [2ms]
2026-08-25 13:40:12.052 [info] fatal: not a git repository (or any of the parent directories): .git
2026-08-25 13:41:14.025 [info] > git rev-parse --show-toplevel [2ms]
2026-08-25 13:41:14.025 [info] fatal: not a git repository (or any of the parent directories): .git
2026-08-25 13:41:14.383 [info] > git rev-parse --show-toplevel [3ms]
2026-08-25 13:41:14.383 [info] fatal: not a git repository (or any of the parent directories): .git
2026-08-25 13:44:40.429 [info] > git rev-parse --show-toplevel [3ms]
2026-08-25 13:44:40.429 [info] fatal: not a git repository (or any of the parent directories): .git
2026-08-25 13:44:40.498 [info] > git rev-parse --show-toplevel [2ms]
2026-08-25 13:44:40.498 [info] fatal: not a git repository (or any of the parent directories): .git
2026-08-25 13:44:41.334 [info] > git rev-parse --show-toplevel [2ms]
2026-08-25 13:44:41.334 [info] fatal: not a git repository (or any of the parent directories): .git
2026-08-25 13:44:41.946 [info] > git rev-parse --show-toplevel [1ms]
2026-08-25 13:44:41.946 [info] fatal: not a git repository (or any of the parent directories): .git
2026-08-25 13:44:57.725 [info] > git rev-parse --show-toplevel [2ms]
2026-08-25 13:44:57.725 [info] fatal: not a git repository (or any of the parent directories): .git
2026-08-25 13:44:59.047 [info] > git rev-parse --show-toplevel [2ms]
2026-08-25 13:44:59.047 [info] fatal: not a git repository (or any of the parent directories): .git
2026-08-25 13:46:09.437 [info] > git rev-parse --show-toplevel [3ms]
2026-08-25 13:46:09.437 [info] fatal: not a git repository (or any of the parent directories): .git
2026-08-25 13:46:12.308 [info] > git rev-parse --show-toplevel [2ms]
2026-08-25 13:46:12.308 [info] fatal: not a git repository (or any of the parent directories): .git
2026-08-25 13:46:17.573 [info] > git rev-parse --show-toplevel [2ms]
2026-08-25 13:46:17.573 [info] fatal: not a git repository (or any of the parent directories): .git
2026-08-25 13:46:48.529 [info] > git rev-parse --show-toplevel [1ms]
2026-08-25 13:46:48.529 [info] fatal: not a git repository (or any of the parent directories): .git
2026-08-25 13:49:47.404 [info] > git rev-parse --show-toplevel [2ms]
2026-08-25 13:49:47.404 [info] fatal: not a git repository (or any of the parent directories): .git
2026-08-25 13:52:06.526 [info] > git rev-parse --show-toplevel [2ms]
2026-08-25 13:52:06.526 [info] fatal: not a git repository (or any of the parent directories): .git
2026-08-25 13:52:10.770 [info] > git rev-parse --show-toplevel [2ms]
2026-08-25 13:52:10.770 [info] fatal: not a git repository (or any of the parent directories): .git
2026-08-25 13:52:11.135 [info] > git rev-parse --show-toplevel [2ms]
2026-08-25 13:52:11.135 [info] fatal: not a git repository (or any of the parent directories): .git
2026-08-25 13:52:12.265 [info] > git rev-parse --show-toplevel [3ms]
2026-08-25 13:52:12.265 [info] fatal: not a git repository (or any of the parent directories): .git
2026-08-25 13:54:01.065 [info] > git rev-parse --show-toplevel [2ms]
2026-08-25 13:54:01.065 [info] fatal: not a git repository (or any of the parent directories): .git
